// Jest Snapshot v1, https://goo.gl/fbAQLP

exports[`app header component test component should match to snapshot 1`] = `
<div
  className="col-md-12 col-lg-12"
>
  <h3
    className="text-center"
  >
    Creatella
    <small>
      Products grid
    </small>
  </h3>
  <span>
    This is an ecommerce site, where you can buy all sorts of ascii faces like \`(ノ・∀・)ノ\` and \`¯_(ツ)_/¯\`, in a wide variety of font sizes.    
  </span>
</div>
`;
