// Jest Snapshot v1, https://goo.gl/fbAQLP

exports[`end of data component test component should match to snapshot 1`] = `
<div
  className="col-md-12 text-center"
>
  <span>
    ~ end of catalogue ~
  </span>
</div>
`;
