// Jest Snapshot v1, https://goo.gl/fbAQLP

exports[`error component test component should match to snapshot 1`] = `
<div
  className="row"
>
  <div
    className="col-md-12"
  >
    <div
      className="error-template"
    >
      <h1>
        Oops!
      </h1>
      <h2>
        404 Not Found
      </h2>
      <div
        className="error-details"
      >
        Sorry, an error has occured, Requested data not found!
      </div>
      <div
        className="error-actions"
      >
        <a
          className="btn btn-primary btn-lg"
          href="javascript:void(0)"
        >
          <span
            className="glyphicon glyphicon-home"
          />
          Take Me Home 
        </a>
        <a
          className="btn btn-default btn-lg"
          href="javascript:void(0)"
        >
          <span
            className="glyphicon glyphicon-envelope"
          />
           Contact Support 
        </a>
      </div>
    </div>
  </div>
</div>
`;
