// Jest Snapshot v1, https://goo.gl/fbAQLP

exports[`Sort Button Component test component should match to snapshot 1`] = `
<button
  className="btn btn-primary"
  onClick={[Function]}
  type="button"
>
  Size
</button>
`;
